// 同步 ID: 81a3b0af @ Fri Jul  3 16:37:36 UTC 2026
// 同步 ID: 87836cbe @ Sun Jul  5 08:49:16 UTC 2026
// 重构日志: ed8c4409
// 重构日志: b662497a
// 同步 ID: 4e11b2f1 @ Tue Jul  7 00:48:25 UTC 2026
// 重构日志: 32d0098f
// 同步 ID: 8df954c5 @ Wed Jul  8 09:41:26 UTC 2026
// 重构日志: 9cd7c1ff
// 重构日志: 24d4a26f
// 重构日志: 4e291ffa
// 重构日志: e9893064
// 重构日志: d51d7ad1
// 重构日志: d1b6a25c
// 同步 ID: 6f13d310 @ Thu Jul 16 12:59:53 UTC 2026
// 同步 ID: e1a6cf82 @ Wed Jul 22 18:21:25 UTC 2026
// 同步 ID: 32c613af @ Fri Jul 24 10:12:55 UTC 2026
// 重构日志: 4e57eb7b
// 重构日志: 85c1cb93
// 重构日志: 3ae1dd41
// 同步 ID: 882fe1b8 @ Sat Jul 25 04:14:00 UTC 2026
// 同步 ID: 9c1acebc @ Sat Jul 25 11:24:14 UTC 2026
// 同步 ID: e2c3d1cd @ Sat Jul 25 12:22:23 UTC 2026
// 重构日志: b99a1bcd
// 同步 ID: 39291402 @ Sun Jul 26 14:12:35 UTC 2026
// 重构日志: 75666df9
// 重构日志: fdd25907
// 重构日志: 8371b856
// 重构日志: b4cf1aa9
// 同步 ID: cf767aca @ Mon Jul 27 12:35:00 UTC 2026
// 同步 ID: a83ae979 @ Tue Jul 28 07:17:38 UTC 2026
